PASS [390 touch] view · signed out · the story answers — HTTP 200
PASS [390 touch] view · signed out · the arranged moment is drawn — shown 1,10,2,3,4,5,6,7,8,9 · arranged 7,10
PASS [390 touch] view · the share card's address is versioned — https://www.setnayan.com/api/og/realstory-slug/songdesk-story-proof?v=1789111455
PASS [390 touch] view · the share card renders — 200 image/jpeg
PASS [390 touch] view · A3 print opens for a stranger — 200 https://www.setnayan.com/songdesk-story-proof/print
PASS [390 touch] view · A3 print carries the arranged moment — print shows 1,10,2,3,4,5,6,7,8,9
PASS [390 touch] view · A3 prints to PDF — 7 page(s) → e2e-print-a3-view.pdf
PASS [390 touch] view · A4 print opens for a stranger — 200 https://www.setnayan.com/songdesk-story-proof/print?format=a4
PASS [390 touch] view · A4 print carries the arranged moment — print shows 1,10,2,3,4,5,6,7,8,9
PASS [390 touch] view · A4 prints to PDF — 19 page(s) → e2e-print-a4-view.pdf
PASS [390 touch · stranger] zero dialogs
PASS [390 touch · stranger] zero console errors
PASS [390 touch · stranger] zero CSP reports
PASS [390 touch] view · as the guest · the story answers
PASS [390 touch] view · as the guest · their own consent door is gone once they have asked — 0
PASS [390 touch · guest] zero dialogs
PASS [390 touch · guest] zero console errors
PASS [390 touch · guest] zero CSP reports
PASS [390 touch] view · as the host · the story answers
PASS [390 touch · host] zero dialogs
PASS [390 touch · host] zero console errors
PASS [390 touch · host] zero CSP reports

22 passed · 0 failed
