.......
  pageerror stack: Error: Minified React error #418; visit https://react.dev/errors/418?args[]=HTML&args[]= for the full message or use the non-minified dev environment for full errors and additional helpful warnings. |     at rD (https://www.setnayan.com/_next/static/chunks/a0a33787-dcfeb734a55ccf55.js?dpl=dpl_H3C7AF

load 7: 1 mismatch record(s), errors: 1
{
 "at": 355,
 "hlogCount": 11461,
 "suslog": [
  "1066ms SUSPEND use status=pending keys=status value= reason= stack=at lc (a0a33787-dcfeb734a55ccf55.js:1:41142) < at ai (a0a33787-dcfeb734a55ccf55.js:1:53245) < at Object.as [as use] (a0a33787-dcfeb734a55ccf55.js:1:53450) < at t.use (83776-fbb6728990ef6d14.js:1:79594) < at A (83776-fbb6728990ef6d14.js:1:51567)",
  "1071ms SUSPEND lazy status=blocked keys=status|value|reason value=null reason= stack=at lf (a0a33787-dcfeb734a55ccf55.js:1:41310) < at d (a0a33787-dcfeb734a55ccf55.js:1:43337) < at a0a33787-dcfeb734a55ccf55.js:1:45816 < at u (a0a33787-dcfeb734a55ccf55.js:1:46105) < at a0a33787-dcfeb734a55ccf55.js:1:47187",
  "1072ms SUSPEND lazy status=blocked keys=status|value|reason value=[null] reason=function () { [native code] } stack=at lf (a0a33787-dcfeb734a55ccf55.js:1:41310) < at d (a0a33787-dcfeb734a55ccf55.js:1:43337) < at a0a33787-dcfeb734a55ccf55.js:1:45816 < at u (a0a33787-dcfeb734a55ccf55.js:1:46105) < at a0a33787-dcfeb734a55ccf55.js:1:47187",
  "1073ms SUSPEND lazy status=blocked keys=status|value|reason value=[null] reason=function () { [native code] } stack=at lf (a0a33787-dcfeb734a55ccf55.js:1:41310) < at d (a0a33787-dcfeb734a55ccf55.js:1:43337) < at a0a33787-dcfeb734a55ccf55.js:1:45816 < at u (a0a33787-dcfeb734a55ccf55.js:1:46105) < at a0a33787-dcfeb734a55ccf55.js:1:47187",
  "1073ms SUSPEND lazy status=blocked keys=status|value|reason value=[null] reason=function () { [native code] } stack=at lf (a0a33787-dcfeb734a55ccf55.js:1:41310) < at d (a0a33787-dcfeb734a55ccf55.js:1:43337) < at a0a33787-dcfeb734a55ccf55.js:1:45816 < at u (a0a33787-dcfeb734a55ccf55.js:1:46105) < at a0a33787-dcfeb734a55ccf55.js:1:47187",
  "1073ms SUSPEND lazy status=blocked keys=status|value|reason value=[null] reason=function () { [native code] } stack=at lf (a0a33787-dcfeb734a55ccf55.js:1:41310) < at d (a0a33787-dcfeb734a55ccf55.js:1:43337) < at a0a33787-dcfeb734a55ccf55.js:1:45816 < at u (a0a33787-dcfeb734a55ccf55.js:1:46105) < at a0a33787-dcfeb734a55ccf55.js:1:47187",
  "1073ms SUSPEND lazy status=blocked keys=status|value|reason value=[null] reason=function () { [native code] } stack=at lf (a0a33787-dcfeb734a55ccf55.js:1:41310) < at d (a0a33787-dcfeb734a55ccf55.js:1:43337) < at a0a33787-dcfeb734a55ccf55.js:1:45816 < at u (a0a33787-dcfeb734a55ccf55.js:1:46105) < at a0a33787-dcfeb734a55ccf55.js:1:47187",
  "1073ms SUSPEND lazy status=blocked keys=status|value|reason value=[null] reason=function () { [native code] } stack=at lf (a0a33787-dcfeb734a55ccf55.js:1:41310) < at d (a0a33787-dcfeb734a55ccf55.js:1:43337) < at a0a33787-dcfeb734a55ccf55.js:1:45816 < at u (a0a33787-dcfeb734a55ccf55.js:1:46105) < at a0a33787-dcfeb734a55ccf55.js:1:47187",
  "1074ms SUSPEND lazy status=blocked keys=status|value|reason value=[null] reason=function () { [native code] } stack=at lf (a0a33787-dcfeb734a55ccf55.js:1:41310) < at d (a0a33787-dcfeb734a55ccf55.js:1:43337) < at a0a33787-dcfeb734a55ccf55.js:1:45816 < at u (a0a33787-dcfeb734a55ccf55.js:1:46105) < at a0a33787-dcfeb734a55ccf55.js:1:47187",
  "1074ms SUSPEND lazy status=blocked keys=status|value|reason value=[null] reason=function () { [native code] } stack=at lf (a0a33787-dcfeb734a55ccf55.js:1:41310) < at d (a0a33787-dcfeb734a55ccf55.js:1:43337) < at a0a33787-dcfeb734a55ccf55.js:1:45816 < at u (a0a33787-dcfeb734a55ccf55.js:1:46105) < at a0a33787-dcfeb734a55ccf55.js:1:47187",
  "1074ms SUSPEND lazy status=blocked keys=status|value|reason value=[null] reason=function () { [native code] } stack=at lf (a0a33787-dcfeb734a55ccf55.js:1:41310) < at d (a0a33787-dcfeb734a55ccf55.js:1:43337) < at a0a33787-dcfeb734a55ccf55.js:1:45816 < at u (a0a33787-dcfeb734a55ccf55.js:1:46105) < at a0a33787-dcfeb734a55ccf55.js:1:47187",
  "1074ms SUSPEND lazy status=blocked keys=status|value|reason value=[null] reason=function () { [native code] } stack=at lf (a0a33787-dcfeb734a55ccf55.js:1:41310) < at d (a0a33787-dcfeb734a55ccf55.js:1:43337) < at a0a33787-dcfeb734a55ccf55.js:1:45816 < at u (a0a33787-dcfeb734a55ccf55.js:1:46105) < at a0a33787-dcfeb734a55ccf55.js:1:47187"
 ],
 "hlogHead": [
  "1070ms enter html cursor=body><div#sn-init-splash> saved=null mount=true hydrating=true",
  "1071ms enter head cursor=body><div#sn-init-splash> saved=null mount=true hydrating=true",
  "1071ms UNWIND head cursor=head><meta> saved=body><div#sn-init-splash>",
  "1071ms UNWIND html cursor=head><meta> saved=body><div#sn-init-splash>",
  "1072ms enter html cursor=body><div#sn-init-splash> saved=body><div#sn-init-splash> mount=true hydrating=true",
  "1072ms enter head cursor=body><div#sn-init-splash> saved=body><div#sn-init-splash> mount=true hydrating=true"
 ],
 "hlogTail": [
  "1199ms UNWIND html cursor=head><meta> saved=body><div#sn-init-splash>",
  "1199ms enter html cursor=body><div#sn-init-splash> saved=body><div#sn-init-splash> mount=true hydrating=true",
  "1199ms enter head cursor=body><div#sn-init-splash> saved=body><div#sn-init-splash> mount=true hydrating=true",
  "1199ms UNWIND head cursor=head><meta> saved=body><div#sn-init-splash>",
  "1199ms UNWIND html cursor=head><meta> saved=body><div#sn-init-splash>",
  "1199ms enter html cursor=body><div#sn-init-splash> saved=body><div#sn-init-splash> mount=true hydrating=true",
  "1199ms enter head cursor=body><div#sn-init-splash> saved=body><div#sn-init-splash> mount=true hydrating=true",
  "1199ms UNWIND head cursor=head><meta> saved=body><div#sn-init-splash>",
  "1199ms UNWIND html cursor=head><meta> saved=body><div#sn-init-splash>",
  "1199ms enter html cursor=body><div#sn-init-splash> saved=body><div#sn-init-splash> mount=true hydrating=true",
  "1199ms enter head cursor=body><div#sn-init-splash> saved=body><div#sn-init-splash> mount=true hydrating=true",
  "1208ms enter head cursor=head><meta> saved=body><div#sn-init-splash> mount=true hydrating=true",
  "1208ms pop head cursor=head><meta> saved=head><meta>",
  "1208ms enter body cursor=head><meta> saved=null mount=true hydrating=true"
 ],
 "alternate": false,
 "stack": "at rD (a0a33787-dcfeb734a55ccf55.js:1:35426) < at oq (a0a33787-dcfeb734a55ccf55.js:1:85140) < at ik (a0a33787-dcfeb734a55ccf55.js:1:115256) < at a0a33787-dcfeb734a55ccf55.js:1:111304 < at iu (a0a33787-dcfeb734a55ccf55.js:1:111405) < at iX (a0a33787-dcfeb734a55ccf55.js:1:133568) < at MessagePort.w (83776-fbb6728990ef6d14.js:1:141993)",
 "rc": [
  "B:2←S:2@104",
  "B:0←S:0@104"
 ],
 "suspenseAncestors": "",
 "fiber": "div",
 "props": {
  "id": "sn-init-splash",
  "aria-hidden": "true"
 },
 "childrenType": "object",
 "found": "<meta charset=\"utf-8\">",
 "foundParent": "<head><meta charset=\"utf-8\"><meta name=\"viewport\" content=\"width=device-width, initial-scale=1, maximum-scale=5, viewport-fit=cover\"><link rel=\"stylesheet\" href=\"/_next/static/css/512a6ae8ce3aae6a.css",
 "hydrationParent": "body tag27 <body class=\"min-h-dvh bg-cream font-sans text-ink antialiased\"><div hidden=\"\"><!--$--><!--/$--></div><div id=\"sn-init-splash\" aria-hidden=\"true\"><div class=\"sd",
 "editorialDivs": 1,
 "readyState": "loading",
 "tags": "5,27,27,7,0,1,0,1,0,0,10,10,10,10,10,10,0,1,0,0,0,0,0,10,8,3",
 "path": [
  "div#sn-init-splash",
  "body.min-h-dvh bg-cream font-sans text-ink antialiased",
  "html.__variable_e47b7d __variable_0ab93d __variable_7f4",
  "tag7 key=c",
  "__next_root_layout_boundary__",
  "s",
  "f",
  "s"
 ]
}
.........................
  pageerror stack: Error: Minified React error #418; visit https://react.dev/errors/418?args[]=HTML&args[]= for the full message or use the non-minified dev environment for full errors and additional helpful warnings. |     at rD (https://www.setnayan.com/_next/static/chunks/a0a33787-dcfeb734a55ccf55.js?dpl=dpl_9A7k9F

load 33: 1 mismatch record(s), errors: 1
{
 "at": 282,
 "hlogCount": 5,
 "suslog": [
  "661ms SUSPEND use status=pending keys=status value= reason= stack=at lc (a0a33787-dcfeb734a55ccf55.js:1:41142) < at ai (a0a33787-dcfeb734a55ccf55.js:1:53245) < at Object.as [as use] (a0a33787-dcfeb734a55ccf55.js:1:53450) < at t.use (83776-e5a468ba856ed368.js:1:79594) < at A (83776-e5a468ba856ed368.js:1:51567)",
  "671ms SUSPEND lazy status=blocked keys=status|value|reason value=null reason= stack=at lf (a0a33787-dcfeb734a55ccf55.js:1:41310) < at d (a0a33787-dcfeb734a55ccf55.js:1:43337) < at a0a33787-dcfeb734a55ccf55.js:1:45816 < at u (a0a33787-dcfeb734a55ccf55.js:1:46105) < at a0a33787-dcfeb734a55ccf55.js:1:47187"
 ],
 "hlogHead": [
  "670ms enter html cursor=body><div#sn-init-splash> saved=null mount=true hydrating=true",
  "671ms enter head cursor=body><div#sn-init-splash> saved=null mount=true hydrating=true",
  "683ms enter head cursor=head><meta> saved=body><div#sn-init-splash> mount=true hydrating=true",
  "683ms pop head cursor=head><meta> saved=head><meta>",
  "683ms enter body cursor=head><meta> saved=null mount=true hydrating=true"
 ],
 "hlogTail": [
  "670ms enter html cursor=body><div#sn-init-splash> saved=null mount=true hydrating=true",
  "671ms enter head cursor=body><div#sn-init-splash> saved=null mount=true hydrating=true",
  "683ms enter head cursor=head><meta> saved=body><div#sn-init-splash> mount=true hydrating=true",
  "683ms pop head cursor=head><meta> saved=head><meta>",
  "683ms enter body cursor=head><meta> saved=null mount=true hydrating=true"
 ],
 "alternate": false,
 "stack": "at rD (a0a33787-dcfeb734a55ccf55.js:1:35426) < at oq (a0a33787-dcfeb734a55ccf55.js:1:85140) < at ik (a0a33787-dcfeb734a55ccf55.js:1:115256) < at a0a33787-dcfeb734a55ccf55.js:1:111304 < at iu (a0a33787-dcfeb734a55ccf55.js:1:111405) < at iX (a0a33787-dcfeb734a55ccf55.js:1:133568) < at MessagePort.w (83776-e5a468ba856ed368.js:1:141993)",
 "rc": [
  "B:2←S:2@160",
  "B:0←S:0@160"
 ],
 "suspenseAncestors": "",
 "fiber": "div",
 "props": {
  "id": "sn-init-splash",
  "aria-hidden": "true"
 },
 "childrenType": "object",
 "found": "<meta charset=\"utf-8\">",
 "foundParent": "<head><meta charset=\"utf-8\"><meta name=\"viewport\" content=\"width=device-width, initial-scale=1, maximum-scale=5, viewport-fit=cover\"><link rel=\"stylesheet\" href=\"/_next/static/css/512a6ae8ce3aae6a.css",
 "hydrationParent": "body tag27 <body class=\"min-h-dvh bg-cream font-sans text-ink antialiased\"><div hidden=\"\"><!--$--><!--/$--></div><div id=\"sn-init-splash\" aria-hidden=\"true\"><div class=\"sd",
 "editorialDivs": 1,
 "readyState": "loading",
 "tags": "5,27,27,7,0,1,0,1,0,0,10,10,10,10,10,10,0,1,0,0,0,0,0,10,8,3",
 "path": [
  "div#sn-init-splash",
  "body.min-h-dvh bg-cream font-sans text-ink antialiased",
  "html.__variable_e47b7d __variable_0ab93d __variable_7f4",
  "tag7 key=c",
  "__next_root_layout_boundary__",
  "s",
  "f",
  "s"
 ]
}
