PASS [390 touch] gaps a host-added moment in Automatic says Automatic leaves it alone — never "no photo falls in it" (r3 CRITIC TEST 6) — Automatic leaves moments you added alone — tap I choose to put photos here.
PASS [390 touch] gaps after a reload, Back to Automatic still offers Undo for the hand-made pages (r3 R5-reload · F2 · chaos-r3-02) — Sorted by your run of showUndo
PASS [390 touch] gaps …and that Undo brings the hand arrangement back
PASS [390 touch · gaps after reload + Automatic + Undo] pages + tray = 10 — pills 1+2+1+2+1+2+1+0 + tray 0 = 10
PASS [390 touch · gaps after reload + Automatic + Undo] this page draws its pill — 2 drawn, pill 2
PASS [390 touch · gaps after reload + Automatic + Undo] no sideways scroll — 390 vs 390
PASS [390 touch] gaps four-line words dragged to the bottom are not cut off — the page grows to hold them (RL-14 · chaos-13) — words 435–479 · page 220–490 (was 147px tall, now 270)
PASS [390 touch · gaps four lines at the bottom] pages + tray = 10 — pills 1+2+1+2+1+2+1+0 + tray 0 = 10
PASS [390 touch · gaps four lines at the bottom] this page draws its pill — 2 drawn, pill 2
PASS [390 touch · gaps four lines at the bottom] no sideways scroll — 390 vs 390
PASS [390 touch] gaps a 60-character hashtag stays inside the page (RL-15 · chaos-09) — words 71–231 · page 63–327
PASS [390 touch] gaps …and nothing scrolls sideways, the page or the desk (RL-15 · chaos-09) — page 0px · desk 0px
PASS [390 touch] gaps a press on a photo takes the caret out of the words (DW-22 · chaos-17)
PASS [390 touch · gaps caret then photo] pages + tray = 10 — pills 1+2+1+2+1+2+1+0 + tray 0 = 10
PASS [390 touch · gaps caret then photo] this page draws its pill — 2 drawn, pill 2
PASS [390 touch · gaps caret then photo] no sideways scroll — 390 vs 390
PASS [390 touch] gaps (a new empty box brings its toolbar)
PASS [390 touch] gaps the empty box leaves and its toolbar goes with it (r3 R16-stale-look-row) — bar false · boxes 0
PASS [390 touch] gaps a dropped photo does not replay its landing animation — no blink (r3 F14) — running [] · opacity 1
PASS [390 touch] gaps the set-name field closes when the mode switches (r3 R9-name-field-outlives-its-context)
PASS [390 touch] gaps the set-name field closes on + New (r3 R9-name-field-outlives-its-context)
PASS [390 touch] gaps the set-name field closes when fewer than 2 photos are left (r3 R9-name-field-outlives-its-context)
PASS [390 touch · gaps set-name field] pages + tray = 10 — pills 1+2+1+2+1+2+1+0 + tray 0 = 10
PASS [390 touch · gaps set-name field] this page draws its pill — 2 drawn, pill 2
PASS [390 touch · gaps set-name field] no sideways scroll — 390 vs 390
PASS [390 touch] gaps with the Undo toast up, a tap on the tray still lands (r3 CRITIC TEST 4) — toast {"pe":"none","top":14,"bottom":73.546875} · tray 1 → 0
PASS [390 touch] gaps a repeated refusal is a NEW message node, so a screen reader says it again (critic-20) — first true/false · second reused false
PASS [390 touch] gaps with reduced motion the nudge on "I choose" is still, and still visible (critic-20) — {"anim":"none","ring":"rgb(194, 78, 37) 0px 0px 0px 2px"}
PASS [390 touch] gaps the moment-row × is ≥ 36px, with no invisible halo (critic-11 — measured; round 3 removed halos because they stole presses) — 36×36
PASS [390 touch] gaps the small print is ≥ 4.5:1 (critic-12 · r3 R13) — 14 measured; below 4.5: []
PASS [390 touch] gaps the name field's placeholder is ≥ 4.5:1 (r3 R13-dark-placeholders, in the only theme) — 5.44:1
FAIL [390 touch] gaps a strict 150-action monkey on the LIVE page: every photo accounted for, drawn = its pill, no sideways scroll, after every action and every reload (chaos-01 · chaos-02 · chaos-r3-01) — 0 violation(s) · 2 new errors · 0 dialogs
PASS [390 touch] zero CSP reports
PASS [390 touch] zero dialogs
FAIL [390 touch] zero console errors — pageerror: Minified React error #418; visit https://react.dev/errors/418?args[]=HTML&args[]= for the full message or use the non-minified dev environment for full errors and additional helpful warnings. | pageerror: Cannot read properties of null (reading 'parentNode')

33 passed · 2 failed
