PASS [1280 mouse] gaps a host-added moment in Automatic says Automatic leaves it alone — never "no photo falls in it" (r3 CRITIC TEST 6) — Automatic leaves moments you added alone — tap I choose to put photos here.
PASS [1280 mouse] gaps after a reload, Back to Automatic still offers Undo for the hand-made pages (r3 R5-reload · F2 · chaos-r3-02) — Sorted by your run of showUndo
PASS [1280 mouse] gaps …and that Undo brings the hand arrangement back
PASS [1280 mouse · gaps after reload + Automatic + Undo] pages + tray = 10 — pills 1+2+1+2+1+2+1+0 + tray 0 = 10
PASS [1280 mouse · gaps after reload + Automatic + Undo] this page draws its pill — 2 drawn, pill 2
PASS [1280 mouse · gaps after reload + Automatic + Undo] no sideways scroll — 1280 vs 1280
PASS [1280 mouse] gaps four-line words dragged to the bottom are not cut off — the page grows to hold them (RL-14 · chaos-13) — words 592–648 · page 346–662 (was 184px tall, now 316)
PASS [1280 mouse · gaps four lines at the bottom] pages + tray = 10 — pills 1+2+1+2+1+2+1+0 + tray 0 = 10
PASS [1280 mouse · gaps four lines at the bottom] this page draws its pill — 2 drawn, pill 2
PASS [1280 mouse · gaps four lines at the bottom] no sideways scroll — 1280 vs 1280
PASS [1280 mouse] gaps a 60-character hashtag stays inside the page (RL-15 · chaos-09) — words 857–1062 · page 847–1185
PASS [1280 mouse] gaps …and nothing scrolls sideways, the page or the desk (RL-15 · chaos-09) — page 0px · desk 0px
PASS [1280 mouse] gaps …and its × is on screen (RL-16)
PASS [1280 mouse] gaps a press on a photo takes the caret out of the words (DW-22 · chaos-17)
PASS [1280 mouse] gaps …so Backspace takes the photo off and leaves the words as they were (DW-22 · chaos-17) — photos 2 → 1 · words "one\ntwo\nthree\nfour" → "one\ntwo\nthree\nfour"
PASS [1280 mouse · gaps caret then photo] pages + tray = 10 — pills 1+2+1+2+1+2+1+0 + tray 0 = 10
PASS [1280 mouse · gaps caret then photo] this page draws its pill — 2 drawn, pill 2
PASS [1280 mouse · gaps caret then photo] no sideways scroll — 1280 vs 1280
PASS [1280 mouse] gaps (a new empty box brings its toolbar)
PASS [1280 mouse] gaps the empty box leaves and its toolbar goes with it (r3 R16-stale-look-row) — bar false · boxes 0
PASS [1280 mouse] gaps a dropped photo does not replay its landing animation — no blink (r3 F14) — running [] · opacity 1
PASS [1280 mouse] gaps the set-name field closes when the mode switches (r3 R9-name-field-outlives-its-context)
PASS [1280 mouse] gaps the set-name field closes on + New (r3 R9-name-field-outlives-its-context)
PASS [1280 mouse] gaps the set-name field closes when fewer than 2 photos are left (r3 R9-name-field-outlives-its-context)
PASS [1280 mouse · gaps set-name field] pages + tray = 10 — pills 1+2+1+2+1+2+1+0 + tray 0 = 10
PASS [1280 mouse · gaps set-name field] this page draws its pill — 2 drawn, pill 2
PASS [1280 mouse · gaps set-name field] no sideways scroll — 1280 vs 1280
PASS [1280 mouse] gaps (the turned caption is selected and its × shows) — {"x":865.8302001953125,"y":425.3641662597656}
PASS [1280 mouse] gaps a turned caption's × stays on top of a photo laid over it (chaos-r3-09) — hit words
PASS [1280 mouse] gaps a moment row dropped on the words types nothing into them (critic-6) — "one\ntwo\nthree\nfour" → "one\ntwo\nthree\nfour"
PASS [1280 mouse · gaps row over words] pages + tray = 10 — pills 1+1+2+2+1+2+1+0 + tray 0 = 10
PASS [1280 mouse · gaps row over words] this page draws its pill — 2 drawn, pill 2
PASS [1280 mouse · gaps row over words] no sideways scroll — 1280 vs 1280
PASS [1280 mouse] gaps a repeated refusal is a NEW message node, so a screen reader says it again (critic-20) — first true/false · second reused false
PASS [1280 mouse] gaps with reduced motion the nudge on "I choose" is still, and still visible (critic-20) — {"anim":"none","ring":"rgb(194, 78, 37) 0px 0px 0px 2px"}
PASS [1280 mouse] gaps the moment-row × is ≥ 28px, with no invisible halo (critic-11 — measured; round 3 removed halos because they stole presses) — 28×28
PASS [1280 mouse] gaps the small print is ≥ 4.5:1 (critic-12 · r3 R13) — 14 measured; below 4.5: []
PASS [1280 mouse] gaps the terracotta mini buttons are ≥ 4.5:1 while hovered (r3 R13-start-over-and-mini-hover) — [{"ratio":4.76,"size":12,"weight":"600","text":"+ New"},{"ratio":4.76,"size":12,"weight":"600","text":"✎"},{"ratio":4.76,"size":12,"weight":"600","text":"Put all back"}]
PASS [1280 mouse] gaps the name field's placeholder is ≥ 4.5:1 (r3 R13-dark-placeholders, in the only theme) — 5.44:1
PASS [1280 mouse] gaps narrowing the window while typing leaves nothing outside the page (RL-17 · chaos-12) — 0 outside
PASS [1280 mouse] gaps …and moves nothing, once it is wide again (RL-17 · chaos-12 · chaos-15) — auto:56719603-935d-4480-b8d5-a00e5a73e989@98px,143px auto:6064bba0-1cd1-4bc3-ada9-5822a311f941@47px,678px words:8r9rr0zy3@20px,481px words:pq38mmtet@20px,680px words:zczwtboh1@20px,604px ‖ auto:56719603-935d-4480-b8d5-a00e5a73e989@98px,143px auto:6064bba0-1cd1-4bc3-ada9-5822a311f941@47px,678px words:8r9rr0zy3@20px,481px words:pq38mmtet@20px,680px words:zczwtboh1@20px,604px
PASS [1280 mouse · gaps resize while typing] pages + tray = 10 — pills 1+1+2+2+1+2+1+0 + tray 0 = 10
PASS [1280 mouse · gaps resize while typing] this page draws its pill — 2 drawn, pill 2
PASS [1280 mouse · gaps resize while typing] no sideways scroll — 1280 vs 1280
PASS [1280 mouse] gaps a strict 150-action monkey on the LIVE page: every photo accounted for, drawn = its pill, no sideways scroll, after every action and every reload (chaos-01 · chaos-02 · chaos-r3-01) — 0 violation(s) · 0 new errors · 0 dialogs
PASS [1280 mouse] zero CSP reports
PASS [1280 mouse] zero dialogs
PASS [1280 mouse] zero console errors

48 passed · 0 failed
