PASS [390 touch] s6 + Words is aria-disabled in Automatic, never disabled
PASS [390 touch] s6 + Words in Automatic says why (critic-9) — Tap “I choose” to add words.
PASS [390 touch] s6 Name these photos in Automatic says why (critic-9) — Tap “I choose” to name photos.
PASS [390 touch] s6 no + New and no ✎ in Automatic
PASS [390 touch · s6 I choose] pages + tray = 10 — pills 1+2+1+2+1+2+1 + tray 0 = 10
PASS [390 touch · s6 I choose] this page draws its pill — 2 drawn, pill 2
PASS [390 touch · s6 I choose] no sideways scroll — 390 vs 390
PASS [390 touch] s6 + Words adds ONE empty box — [{"id":"words:fhj6mk5rb","text":"","sel":true,"left":"20px","top":"130px","size":19,"turn":"0","backing":false,"color":"rgb(44, 42, 41)","bg":"rgba(0, 0, 0, 0)","ph":"\"Type here\""}]
PASS [390 touch] s6 …with a drawn placeholder, not typed text (critic-7) — "Type here"
PASS [390 touch] s6 …and the caret in it — ed:words:fhj6mk5rb
PASS [390 touch] s6 …placed BELOW every photo, on none of them (RL-12) — {"top":538.890625,"lowest":533.2906494140625,"hits":0}
PASS [390 touch] s6 the words toolbar shows for the new box
PASS [390 touch] s6 an empty box left by a tray tap goes quietly (no Undo) — 0 boxes, undo false
PASS [390 touch] s6 …and that same tap still places the photo (DW-18 · R7) — 2 → 3
PASS [390 touch · s6 empty box + tray tap] pages + tray = 10 — pills 0+2+1+3+0+0+1 + tray 3 = 10
PASS [390 touch · s6 empty box + tray tap] this page draws its pill — 3 drawn, pill 3
PASS [390 touch · s6 empty box + tray tap] no sideways scroll — 390 vs 390
PASS [390 touch] s6 an empty box that made the page tall leaves, and the press near a tray photo's edge still lands (R7) — photos 3 → 4, boxes 1
PASS [390 touch] s6 (the tall caption is gone again) — 0
PASS [390 touch · s6 tall page] pages + tray = 10 — pills 0+2+1+3+0+0+1 + tray 3 = 10
PASS [390 touch · s6 tall page] this page draws its pill — 3 drawn, pill 3
PASS [390 touch · s6 tall page] no sideways scroll — 390 vs 390
PASS [390 touch] s6 empty box then a photo's × — the photo goes (DW-21) — 3 → 2, boxes 0
PASS [390 touch] s6 empty box then another moment — it opens (DW-17)
PASS [390 touch] s6 …and the empty box did not follow or stay
PASS [390 touch] s6 pressing a new empty box's own grip keeps it (R14)
PASS [390 touch] s6 typing keeps the line break — "She came down the path\nand the rain stopped."
PASS [390 touch] s6 a paste is plain text only (critic-13) — She came down the path
and the rain stopped. — pasted
PASS [390 touch] s6 Escape stops typing and lets go of the words (R12) — This moment’s page sel=false
PASS [390 touch] s6 …so a Backspace after it deletes nothing (R12) — ["She came down the path\nand the rain stopped. — pasted"]
PASS [390 touch] s6 tapping into a caption places the caret, never removes it (R7-phone-tap) — ed:words:yb8o9jjgh
PASS [390 touch] s6 the toolbar is [ − size + ] | [ A colour ] [ A background ] | [ ↺ ↻ ] | [ remove ] — ["Smaller text","Bigger text","Text colour","Background behind the words","Turn left","Turn right","Remove these words"] dividers 3
PASS [390 touch] s6 …every control the same square button — 40x40
PASS [390 touch] s6 …on screen — {"l":8,"r":369,"t":314,"b":364,"vw":390}
PASS [390 touch] s6 …floating just above the words (or below when there is no room) — {"above":false,"below":true,"gap":18,"across":true,"bx":8,"by":314,"wx":71,"wy":271.890625}
PASS [390 touch] s6 + steps the size by 2 — 19 → 23
PASS [390 touch] s6 …and the caret stays in the words — ed:words:yb8o9jjgh
PASS [390 touch] s6 …and the size shows on the bar
PASS [390 touch] s6 − steps it back
PASS [390 touch] s6 the colour menu offers Ink · Terracotta · Blue · Gold — Ink,Terracotta,Blue,Gold
PASS [390 touch] s6 …opening AWAY from the words, never on them — {"overlap":false,"above":false,"mTop":371,"mBottom":417,"bTop":316,"bBottom":366}
PASS [390 touch] s6 choosing Blue colours the words and closes the menu — rgb(59, 78, 103)
PASS [390 touch] s6 …with the caret still in the words — ed:words:yb8o9jjgh
PASS [390 touch] s6 the background puts the colour behind the words — rgb(59, 78, 103)
PASS [390 touch] s6 turn right turns by 15° — 30
PASS [390 touch] s6 turn left turns back
PASS [390 touch] s6 turned words stay on the sheet (R11 · chaos-r3-08) — {"wr":{"x":69.75458526611328,"y":254.11138916015625,"width":143.59082794189453,"height":63.75848388671875},"pr":{"left":63,"right":327,"top":219.890625,"bottom":363.890625}}
PASS [390 touch] s6 on a phone the handle and the words' × give way to the toolbar — {"x":"none","h":"none"}
PASS [390 touch] s6 the ⋮⋮ grip drags the words (R6 grip press) — 20px,130px → 170px,44px
PASS [390 touch] s6 …the text is untouched by the drag
PASS [390 touch] s6 …and the toolbar follows the words — still just above or below them, across them — {"pl":{"above":false,"below":true,"gap":18,"across":true,"bx":8,"by":336,"wx":69.75458526611328,"wy":254.11138916015625},"pl2":{"above":false,"below":true,"gap":18,"across":true,"bx":21,"by":301,"wx":129.75457763671875,"wy":219.71139526367188}}
PASS [390 touch] s6 …and the caret is not left in the text — obj:words:yb8o9jjgh
PASS [390 touch] s6 clearing a caption and leaving it removes it WITH Undo — Words removedUndo · focus ed:words:yb8o9jjgh · selection "She came down the path\nand the rain stopped. — pasted" · text ""
PASS [390 touch] s6 …and Undo brings the words back as they were — ["She came down the path\nand the rain stopped. — pasted"]
PASS [390 touch] s6 the toolbar's remove takes the words off, with Undo — Words removedUndo
PASS [390 touch] s6 …and Undo puts them back
PASS [390 touch · s6 after words] pages + tray = 10 — pills 0+2+1+3+0+0+1 + tray 3 = 10
PASS [390 touch · s6 after words] this page draws its pill — 3 drawn, pill 3
PASS [390 touch · s6 after words] no sideways scroll — 390 vs 390
PASS [390 touch] s6 + New opens the name field in the page's header, focused and empty
PASS [390 touch] s6 …and adds its row at the end
PASS [390 touch] s6 Enter names the new moment — Hair & make-up | Cocktails | Grand Entrance | Dinner | First Dance | Money Dance | Last Song & Send-off | Our first look
PASS [390 touch] s6 Escape on a new moment cancels it — Hair & make-up | Cocktails | Grand Entrance | Dinner | First Dance | Money Dance | Last Song & Send-off | Our first look
PASS [390 touch] s6 + New left empty, then ONE tap on the tray: the moment is cancelled… — Hair & make-up | Cocktails | Grand Entrance | Dinner | First Dance | Money Dance | Last Song & Send-off | Our first look
PASS [390 touch] s6 …and the tap still places the photo (R8) — 3 → 2
PASS [390 touch · s6 empty new + tray tap] pages + tray = 10 — pills 0+2+1+3+0+0+1+1 + tray 2 = 10
PASS [390 touch · s6 empty new + tray tap] this page draws its pill — 1 drawn, pill 1
PASS [390 touch · s6 empty new + tray tap] no sideways scroll — 390 vs 390
PASS [390 touch] s6 ✎ opens the field with the current name
PASS [390 touch] s6 Escape keeps the old name
PASS [390 touch · s6 a 60-character one-word name] pages + tray = 10 — pills 0+2+1+3+0+0+1+1 + tray 2 = 10
PASS [390 touch · s6 a 60-character one-word name] this page draws its pill — 1 drawn, pill 1
PASS [390 touch · s6 a 60-character one-word name] no sideways scroll — 390 vs 390
PASS [390 touch] s6 …its row × stays on screen (B6 · P11)
PASS [390 touch] s6 …and + New too (P12)
PASS [390 touch · s6 row ×] pages + tray = 10 — pills 0+2+1+0+0+1+1 + tray 5 = 10
PASS [390 touch · s6 row ×] this page draws its pill — 0 drawn, pill 0
PASS [390 touch · s6 row ×] no sideways scroll — 390 vs 390
PASS [390 touch] s6 row × removes the moment and says its photos are back — “Dinner” removed · its photos are back in the trayUndo
PASS [390 touch · s6 undo row ×] pages + tray = 10 — pills 0+2+1+3+0+0+1+1 + tray 2 = 10
PASS [390 touch · s6 undo row ×] this page draws its pill — 0 drawn, pill 0
PASS [390 touch · s6 undo row ×] no sideways scroll — 390 vs 390
PASS [390 touch] s6 …Undo brings the moment, its photos AND its words back (critic-1)
PASS [390 touch] s6 no row is a button, and no button sits inside another — {"nested":0,"roleButtonRows":0,"list":8}
PASS [390 touch] s6 the grip reorders moments (finger) (P9) — Hair & make-up,Cocktails,Grand Entrance → Cocktails,Grand Entrance,Hair & make-up
PASS [390 touch · s6 grip reorder] pages + tray = 10 — pills 2+1+0+3+0+0+1+1 + tray 2 = 10
PASS [390 touch · s6 grip reorder] this page draws its pill — 3 drawn, pill 3
PASS [390 touch · s6 grip reorder] no sideways scroll — 390 vs 390
PASS [390 touch] s6 Name these photos is offered with 2+ photos on the page
PASS [390 touch] s6 …it opens an inline field, focused
PASS [390 touch] s6 Enter names them: one chip, and it says so — Named “The entourage”
PASS [390 touch] s6 …the chip says none are free to place — The entourage · all placed×
PASS [390 touch] s6 …and a Backspace right after naming takes nothing off (R9)
PASS [390 touch] s6 naming again with the same name keeps ONE chip
PASS [390 touch] s6 the chip shows what is still free to place (critic-15) — The entourage · 2×
PASS [390 touch] s6 …and their tray photos carry the name — 2
PASS [390 touch · s6 chip places] pages + tray = 10 — pills 4+1+0+3+0+0+1+1 + tray 0 = 10
PASS [390 touch · s6 chip places] this page draws its pill — 4 drawn, pill 4
PASS [390 touch · s6 chip places] no sideways scroll — 390 vs 390
PASS [390 touch] s6 pressing the chip places its free photos on this page — 2 → 4
PASS [390 touch] s6 the set-name field closes when the moment changes
PASS [390 touch] s6 chip × forgets the name, with Undo, and every photo stays put — Name “The entourage” removed · the photos stay putUndo
PASS [390 touch] s6 …Undo brings the name back
PASS [390 touch] s6 reload gives back the words exactly — text, place, size, turn, colour, background — She came down the path
and the rain stopped. — pasted~170px~44px~21~15~true~rgb(255, 255, 255) ‖ She came down the path
and the rain stopped. — pasted~170px~44px~21~15~true~rgb(255, 255, 255)
PASS [390 touch] s6 …the moments, named and in order — Cocktails|Grand Entrance|Hair & make-up|Dinner|First Dance|Money Dance|Last Song & Send-off|#SheCameDownThePathAndTheRainStoppedForeverAndEverAndEver202
PASS [390 touch] s6 …and the named sets
PASS [390 touch · s6 after reload] pages + tray = 10 — pills 4+1+0+3+0+0+1+1 + tray 0 = 10
PASS [390 touch · s6 after reload] this page draws its pill — 3 drawn, pill 3
PASS [390 touch · s6 after reload] no sideways scroll — 390 vs 390
PASS [390 touch] s6 each caption's kept size is the size it is drawn — {"off":[],"kept":[["words:yb8o9jjgh",353,71]]}
PASS [390 touch] s6 Automatic deals no photo under the host's words (M-R3-17 · M-R5-08) — 0 under words
PASS [390 touch] s6 a tap on words in Automatic says why — Tap “I choose” to change words.Undo
PASS [390 touch] s6 words in Automatic cannot be typed into — false
PASS [390 touch · s6 end] pages + tray = 10 — pills 1+2+1+2+1+2+1+0 + tray 0 = 10
PASS [390 touch · s6 end] this page draws its pill — 2 drawn, pill 2
PASS [390 touch · s6 end] no sideways scroll — 390 vs 390
PASS [390 touch] zero CSP reports
PASS [390 touch] zero dialogs
PASS [390 touch] zero console errors

119 passed · 0 failed
