PASS [390 touch · opened] pages + tray = 10 — pills 1+2+1+2+1+2+1 + tray 0 = 10
PASS [390 touch · opened] this page draws its pill — 1 drawn, pill 1
PASS [390 touch · opened] no sideways scroll — 390 vs 390
PASS [390 touch] opens in Automatic, tray empty
PASS [390 touch] Automatic shows no ×
PASS [390 touch] a tap on a photo in Automatic says why — Tap “I choose” to move or take off photos.
PASS [390 touch] …where the person is looking: fully on screen — {"top":14,"bottom":49.546875,"left":58.78125,"right":331.21875,"vh":844,"vw":390}
PASS [390 touch] Delete on a photo in Automatic says why and removes nothing
PASS [390 touch] Put all back is not offered in Automatic
PASS [390 touch] a swipe on a photo in Automatic scrolls the page — scrollY 663 → 833
PASS [390 touch · I choose] pages + tray = 10 — pills 1+2+1+2+1+2+1 + tray 0 = 10
PASS [390 touch · I choose] this page draws its pill — 2 drawn, pill 2
PASS [390 touch · I choose] no sideways scroll — 390 vs 390
PASS [390 touch] nothing moves on I choose
PASS [390 touch] the × shows on every photo
PASS [390 touch · put all back] pages + tray = 10 — pills 1+2+1+0+1+2+1 + tray 2 = 10
PASS [390 touch · put all back] this page draws its pill — 0 drawn, pill 0
PASS [390 touch · put all back] no sideways scroll — 390 vs 390
PASS [390 touch] Put all back empties this page into the tray
PASS [390 touch] …and offers Undo — 2 back in the trayUndo
PASS [390 touch · undo put all back] pages + tray = 10 — pills 1+2+1+2+1+2+1 + tray 0 = 10
PASS [390 touch · undo put all back] this page draws its pill — 2 drawn, pill 2
PASS [390 touch · undo put all back] no sideways scroll — 390 vs 390
PASS [390 touch] Undo puts them back
PASS [390 touch · double tap] pages + tray = 10 — pills 1+0+1+1+1+0+1 + tray 5 = 10
PASS [390 touch · double tap] this page draws its pill — 1 drawn, pill 1
PASS [390 touch · double tap] no sideways scroll — 390 vs 390
PASS [390 touch] a double tap adds ONE photo — tray 6 → 5
PASS [390 touch · double Enter] pages + tray = 10 — pills 1+0+1+2+1+0+1 + tray 4 = 10
PASS [390 touch · double Enter] this page draws its pill — 2 drawn, pill 2
PASS [390 touch · double Enter] no sideways scroll — 390 vs 390
PASS [390 touch] a double Enter adds ONE photo — on page 2
PASS [390 touch] the keyboard keeps its place in the tray — true
PASS [390 touch · double Space] pages + tray = 10 — pills 1+0+1+3+1+0+1 + tray 3 = 10
PASS [390 touch · double Space] this page draws its pill — 3 drawn, pill 3
PASS [390 touch · double Space] no sideways scroll — 390 vs 390
PASS [390 touch] a double Space adds ONE photo — 2 → 3
PASS [390 touch · held Enter] pages + tray = 10 — pills 1+0+1+4+1+0+1 + tray 2 = 10
PASS [390 touch · held Enter] this page draws its pill — 4 drawn, pill 4
PASS [390 touch · held Enter] no sideways scroll — 390 vs 390
PASS [390 touch] a held Enter adds ONE photo — 3 → 4
PASS [390 touch · × removal] pages + tray = 10 — pills 1+0+1+3+1+0+1 + tray 3 = 10
PASS [390 touch · × removal] this page draws its pill — 3 drawn, pill 3
PASS [390 touch · × removal] no sideways scroll — 390 vs 390
PASS [390 touch] × takes the photo back to the tray, with Undo
PASS [390 touch · Cmd+Z] pages + tray = 10 — pills 1+0+1+4+1+0+1 + tray 2 = 10
PASS [390 touch · Cmd+Z] this page draws its pill — 4 drawn, pill 4
PASS [390 touch · Cmd+Z] no sideways scroll — 390 vs 390
PASS [390 touch] Cmd/Ctrl+Z undoes the removal
PASS [390 touch] a later change retires the Undo
PASS [390 touch · Cmd+Z after a later change] pages + tray = 10 — pills 1+0+1+4+1+0+1 + tray 2 = 10
PASS [390 touch · Cmd+Z after a later change] this page draws its pill — 4 drawn, pill 4
PASS [390 touch · Cmd+Z after a later change] no sideways scroll — 390 vs 390
PASS [390 touch] …so Cmd+Z then does nothing
PASS [390 touch] a 7px drift is a tap, not a move
PASS [390 touch] a drag moves the photo and brings it to the front
PASS [390 touch] the sheet grows downward to meet it — 360 → 626
PASS [390 touch] a photo dragged to the bottom is not cut off
PASS [390 touch · after drag] pages + tray = 10 — pills 1+0+1+5+1+0+1 + tray 1 = 10
PASS [390 touch · after drag] this page draws its pill — 5 drawn, pill 5
PASS [390 touch · after drag] no sideways scroll — 390 vs 390
PASS [390 touch] a tap beside the × selects the photo and keeps it — 5 → 5
PASS [390 touch] a × under a neighbour is still on top where it shows — hit photo:k4o7skntd:x
PASS [390 touch] pressing it takes off THAT photo, not the neighbour
PASS [390 touch · covered ×] pages + tray = 10 — pills 1+0+1+4+1+0+1 + tray 2 = 10
PASS [390 touch · covered ×] this page draws its pill — 4 drawn, pill 4
PASS [390 touch · covered ×] no sideways scroll — 390 vs 390
PASS [390 touch] a resize moves nothing
PASS [390 touch · after resize] pages + tray = 10 — pills 1+0+1+4+1+0+1 + tray 2 = 10
PASS [390 touch · after resize] this page draws its pill — 4 drawn, pill 4
PASS [390 touch · after resize] no sideways scroll — 390 vs 390
PASS [390 touch · press after shrink] pages + tray = 10 — pills 1+0+1+1+1+0+1 + tray 5 = 10
PASS [390 touch · press after shrink] this page draws its pill — 1 drawn, pill 1
PASS [390 touch · press after shrink] no sideways scroll — 390 vs 390
PASS [390 touch] a tap on the tray lands while the Undo toast is up and the page just shrank
PASS [390 touch · everything in the tray] pages + tray = 10 — pills 0+0+0+0+0+0+0 + tray 10 = 10
PASS [390 touch · everything in the tray] this page draws its pill — 0 drawn, pill 0
PASS [390 touch · everything in the tray] no sideways scroll — 390 vs 390
PASS [390 touch] all 10 in the tray
PASS [390 touch] the tray keeps its place after a tap (does not snap back to the start) — 509 → 428
PASS [390 touch · tray scroll] pages + tray = 10 — pills 0+0+0+0+0+0+0 + tray 10 = 10
PASS [390 touch · tray scroll] this page draws its pill — 0 drawn, pill 0
PASS [390 touch · tray scroll] no sideways scroll — 390 vs 390
PASS [390 touch · back to Automatic] pages + tray = 10 — pills 1+2+1+2+1+2+1 + tray 0 = 10
PASS [390 touch · back to Automatic] this page draws its pill — 1 drawn, pill 1
PASS [390 touch · back to Automatic] no sideways scroll — 390 vs 390
PASS [390 touch] back to Automatic re-sorts, with Undo (no pop-up) — Sorted by your run of showUndo
PASS [390 touch] a refusal message keeps the live Undo — Tap “I choose” to move or take off photos.Undo
PASS [390 touch · undo Automatic] pages + tray = 10 — pills 0+0+0+0+0+0+0 + tray 10 = 10
PASS [390 touch · undo Automatic] this page draws its pill — 0 drawn, pill 0
PASS [390 touch · undo Automatic] no sideways scroll — 390 vs 390
PASS [390 touch] Undo brings the hand arrangement back
PASS [390 touch] every change is saved without pressing Save
PASS [390 touch · after reload] pages + tray = 10 — pills 0+0+0+0+3+0+0 + tray 7 = 10
PASS [390 touch · after reload] this page draws its pill — 3 drawn, pill 3
PASS [390 touch · after reload] no sideways scroll — 390 vs 390
PASS [390 touch] reload gives back exactly what was arranged — 178px,16px 283px,191px 336px,16px | 178px,16px 283px,191px 336px,16px
PASS [390 touch] reload opens in I choose
PASS [390 touch] the stale tab is told it lost, with a way to reload — This story was just changed somewhere else — in another tab or on another device. Your last change here was not saved. Reload to see the newest version.Reload
PASS [390 touch] the winning tab's work is what was kept
SKIP [390 touch] unreadable pool + no run of show — harness-only on this event (see header)
PASS [390 touch] zero CSP reports
PASS [390 touch] zero dialogs
PASS [390 touch] zero console errors

103 passed · 0 failed
