PASS [1280 mouse] s6 + Words is aria-disabled in Automatic, never disabled
PASS [1280 mouse] s6 + Words in Automatic says why (critic-9) — Tap “I choose” to add words.
PASS [1280 mouse] s6 Name these photos in Automatic says why (critic-9) — Tap “I choose” to name photos.
PASS [1280 mouse] s6 no + New and no ✎ in Automatic
PASS [1280 mouse · s6 I choose] pages + tray = 10 — pills 1+2+1+2+1+2+1 + tray 0 = 10
PASS [1280 mouse · s6 I choose] this page draws its pill — 2 drawn, pill 2
PASS [1280 mouse · s6 I choose] no sideways scroll — 1280 vs 1280
PASS [1280 mouse] s6 + Words adds ONE empty box — [{"id":"words:uptt1ths9","text":"","sel":true,"left":"20px","top":"130px","size":19,"turn":"0","backing":false,"color":"rgb(44, 42, 41)","bg":"rgba(0, 0, 0, 0)","ph":"\"Type here\""}]
PASS [1280 mouse] s6 …with a drawn placeholder, not typed text (critic-7) — "Type here"
PASS [1280 mouse] s6 …and the caret in it — ed:words:uptt1ths9
PASS [1280 mouse] s6 …placed BELOW every photo, on none of them (RL-12) — {"top":412.16949462890625,"lowest":404.99981689453125,"hits":0}
PASS [1280 mouse] s6 the words toolbar shows for the new box
PASS [1280 mouse] s6 an empty box left by a tray tap goes quietly (no Undo) — 0 boxes, undo false
PASS [1280 mouse] s6 …and that same tap still places the photo (DW-18 · R7) — 2 → 3
PASS [1280 mouse · s6 empty box + tray tap] pages + tray = 10 — pills 0+2+1+3+0+0+1 + tray 3 = 10
PASS [1280 mouse · s6 empty box + tray tap] this page draws its pill — 3 drawn, pill 3
PASS [1280 mouse · s6 empty box + tray tap] no sideways scroll — 1280 vs 1280
PASS [1280 mouse] s6 an empty box that made the page tall leaves, and the press near a tray photo's edge still lands (R7) — photos 3 → 4, boxes 1
PASS [1280 mouse] s6 (the tall caption is gone again) — 0
PASS [1280 mouse · s6 tall page] pages + tray = 10 — pills 0+2+1+3+0+0+1 + tray 3 = 10
PASS [1280 mouse · s6 tall page] this page draws its pill — 3 drawn, pill 3
PASS [1280 mouse · s6 tall page] no sideways scroll — 1280 vs 1280
PASS [1280 mouse] s6 empty box then a photo's × — the photo goes (DW-21) — 3 → 2, boxes 0
PASS [1280 mouse] s6 empty box then another moment — it opens (DW-17)
PASS [1280 mouse] s6 …and the empty box did not follow or stay
PASS [1280 mouse] s6 Tab from an empty new box moves to the next control, not the page top (R7) — + Words
PASS [1280 mouse] s6 pressing a new empty box's own grip keeps it (R14)
PASS [1280 mouse] s6 typing keeps the line break — "She came down the path\nand the rain stopped."
PASS [1280 mouse] s6 a paste is plain text only (critic-13) — She came down the path
and the rain stopped. — pasted
PASS [1280 mouse] s6 Escape stops typing and lets go of the words (R12) — This moment’s page sel=false
PASS [1280 mouse] s6 …so a Backspace after it deletes nothing (R12) — ["She came down the path\nand the rain stopped. — pasted"]
PASS [1280 mouse] s6 tapping into a caption places the caret, never removes it (R7-phone-tap) — ed:words:02344fkko
PASS [1280 mouse] s6 the toolbar is [ − size + ] | [ A colour ] [ A background ] | [ ↺ ↻ ] | [ remove ] — ["Smaller text","Bigger text","Text colour","Background behind the words","Turn left","Turn right","Remove these words"] dividers 3
PASS [1280 mouse] s6 …every control the same square button — 36x36
PASS [1280 mouse] s6 …on screen — {"l":820,"r":1153,"t":462,"b":508,"vw":1280}
PASS [1280 mouse] s6 …floating just above the words (or below when there is no room) — {"above":false,"below":true,"gap":18,"across":true,"bx":820,"by":462,"wx":857.242431640625,"wy":412.16949462890625}
PASS [1280 mouse] s6 + steps the size by 2 — 19 → 23
PASS [1280 mouse] s6 …and the caret stays in the words — ed:words:02344fkko
PASS [1280 mouse] s6 …and the size shows on the bar
PASS [1280 mouse] s6 − steps it back
PASS [1280 mouse] s6 the colour menu offers Ink · Terracotta · Blue · Gold — Ink,Terracotta,Blue,Gold
PASS [1280 mouse] s6 …opening AWAY from the words, never on them — {"overlap":false,"above":false,"mTop":515,"mBottom":561,"bTop":464,"bBottom":510}
PASS [1280 mouse] s6 choosing Blue colours the words and closes the menu — rgb(59, 78, 103)
PASS [1280 mouse] s6 …with the caret still in the words — ed:words:02344fkko
PASS [1280 mouse] s6 the background puts the colour behind the words — rgb(59, 78, 103)
PASS [1280 mouse] s6 turn right turns by 15° — 30
PASS [1280 mouse] s6 turn left turns back
PASS [1280 mouse] s6 turned words stay on the sheet (R11 · chaos-r3-08) — {"wr":{"x":855.6478881835938,"y":389.40667724609375,"width":183.83978271484375,"height":81.63018798828125},"pr":{"left":847,"right":1185,"top":345.59375,"bottom":529.9573974609375}}
PASS [1280 mouse] s6 on a computer the selected words show their round handle and × — {"x":"grid","h":"block"}
PASS [1280 mouse] s6 a turned caption's × is turned back upright — matrix(1.88616, -0.505396, 0.505396, 1.88616, 0, 0)
PASS [1280 mouse] s6 the ⋮⋮ grip drags the words (R6 grip press) — 20px,130px → 137px,52px
PASS [1280 mouse] s6 …the text is untouched by the drag
PASS [1280 mouse] s6 …and the toolbar follows the words — still just above or below them, across them — {"pl":{"above":false,"below":true,"gap":18,"across":true,"bx":820,"by":489,"wx":855.6478881835938,"wy":389.40667724609375},"pl2":{"above":false,"below":true,"gap":18,"across":true,"bx":841,"by":449,"wx":915.5661010742188,"wy":349.46124267578125}}
PASS [1280 mouse] s6 …and the caret is not left in the text — obj:words:02344fkko
PASS [1280 mouse] s6 arrow keys move focused words (critic-14) — 137 → 121
PASS [1280 mouse] s6 the keyboard reaches the toolbar and Enter resizes (critic test 5) — reached true
PASS [1280 mouse] s6 the round handle resizes the words — 23 → 32
PASS [1280 mouse] s6 the handle snaps straight within 5° — 0
PASS [1280 mouse] s6 …and keeps the words on the sheet
PASS [1280 mouse] s6 clearing a caption and leaving it removes it WITH Undo — Words removedUndo · focus ed:words:02344fkko · selection "She came down the path\nand the rain stopped. — pasted" · text ""
PASS [1280 mouse] s6 …and Undo brings the words back as they were — ["She came down the path\nand the rain stopped. — pasted"]
PASS [1280 mouse] s6 the toolbar's remove takes the words off, with Undo — Words removedUndo
PASS [1280 mouse] s6 …and Undo puts them back
PASS [1280 mouse · s6 after words] pages + tray = 10 — pills 0+2+1+3+0+0+1 + tray 3 = 10
PASS [1280 mouse · s6 after words] this page draws its pill — 3 drawn, pill 3
PASS [1280 mouse · s6 after words] no sideways scroll — 1280 vs 1280
PASS [1280 mouse] s6 + New opens the name field in the page's header, focused and empty
PASS [1280 mouse] s6 …and adds its row at the end
PASS [1280 mouse] s6 Enter names the new moment — Hair & make-up | Cocktails | Grand Entrance | Dinner | First Dance | Money Dance | Last Song & Send-off | Our first look
PASS [1280 mouse] s6 Escape on a new moment cancels it — Hair & make-up | Cocktails | Grand Entrance | Dinner | First Dance | Money Dance | Last Song & Send-off | Our first look
PASS [1280 mouse] s6 + New left empty, then ONE tap on the tray: the moment is cancelled… — Hair & make-up | Cocktails | Grand Entrance | Dinner | First Dance | Money Dance | Last Song & Send-off | Our first look
PASS [1280 mouse] s6 …and the tap still places the photo (R8) — 3 → 2
PASS [1280 mouse · s6 empty new + tray tap] pages + tray = 10 — pills 0+2+1+3+0+0+1+1 + tray 2 = 10
PASS [1280 mouse · s6 empty new + tray tap] this page draws its pill — 1 drawn, pill 1
PASS [1280 mouse · s6 empty new + tray tap] no sideways scroll — 1280 vs 1280
PASS [1280 mouse] s6 ✎ opens the field with the current name
PASS [1280 mouse] s6 Escape keeps the old name
PASS [1280 mouse · s6 a 60-character one-word name] pages + tray = 10 — pills 0+2+1+3+0+0+1+1 + tray 2 = 10
PASS [1280 mouse · s6 a 60-character one-word name] this page draws its pill — 1 drawn, pill 1
PASS [1280 mouse · s6 a 60-character one-word name] no sideways scroll — 1280 vs 1280
PASS [1280 mouse] s6 …its row × stays on screen (B6 · P11)
PASS [1280 mouse] s6 …and + New too (P12)
PASS [1280 mouse · s6 row ×] pages + tray = 10 — pills 0+2+1+0+0+1+1 + tray 5 = 10
PASS [1280 mouse · s6 row ×] this page draws its pill — 0 drawn, pill 0
PASS [1280 mouse · s6 row ×] no sideways scroll — 1280 vs 1280
PASS [1280 mouse] s6 row × removes the moment and says its photos are back — “Dinner” removed · its photos are back in the trayUndo
PASS [1280 mouse · s6 undo row ×] pages + tray = 10 — pills 0+2+1+3+0+0+1+1 + tray 2 = 10
PASS [1280 mouse · s6 undo row ×] this page draws its pill — 0 drawn, pill 0
PASS [1280 mouse · s6 undo row ×] no sideways scroll — 1280 vs 1280
PASS [1280 mouse] s6 …Undo brings the moment, its photos AND its words back (critic-1)
PASS [1280 mouse] s6 no row is a button, and no button sits inside another — {"nested":0,"roleButtonRows":0,"list":8}
PASS [1280 mouse] s6 the grip reorders moments (mouse) (P9) — Hair & make-up,Cocktails,Grand Entrance → Cocktails,Grand Entrance,Hair & make-up
PASS [1280 mouse · s6 grip reorder] pages + tray = 10 — pills 2+1+0+3+0+0+1+1 + tray 2 = 10
PASS [1280 mouse · s6 grip reorder] this page draws its pill — 3 drawn, pill 3
PASS [1280 mouse · s6 grip reorder] no sideways scroll — 1280 vs 1280
PASS [1280 mouse] s6 Alt+ArrowDown moves the moment down one (H2) — Grand Entrance,Cocktails,Hair & make-up
PASS [1280 mouse] s6 …and the keyboard stays on it — Cocktails
PASS [1280 mouse] s6 Cmd/Ctrl+Z during a grip drag never lists a moment twice (chaos-r3-10) — Grand Entrance | Hair & make-up | Cocktails | Dinner | First Dance | Money Dance | Last Song & Send-off | #SheCameDownThePathAndTheRainStoppedForeverAndEverAndEver202
PASS [1280 mouse · s6 undo during grip] pages + tray = 10 — pills 0+0+2+3+0+0+1+1 + tray 3 = 10
PASS [1280 mouse · s6 undo during grip] this page draws its pill — 0 drawn, pill 0
PASS [1280 mouse · s6 undo during grip] no sideways scroll — 1280 vs 1280
PASS [1280 mouse] s6 Name these photos is offered with 2+ photos on the page
PASS [1280 mouse] s6 …it opens an inline field, focused
PASS [1280 mouse] s6 Enter names them: one chip, and it says so — Named “The entourage”
PASS [1280 mouse] s6 …the chip says none are free to place — The entourage · all placed×
PASS [1280 mouse] s6 …and a Backspace right after naming takes nothing off (R9)
PASS [1280 mouse] s6 naming again with the same name keeps ONE chip
PASS [1280 mouse] s6 the chip shows what is still free to place (critic-15) — The entourage · 2×
PASS [1280 mouse] s6 …and their tray photos carry the name — 2
PASS [1280 mouse · s6 chip places] pages + tray = 10 — pills 0+0+4+3+0+0+1+1 + tray 1 = 10
PASS [1280 mouse · s6 chip places] this page draws its pill — 4 drawn, pill 4
PASS [1280 mouse · s6 chip places] no sideways scroll — 1280 vs 1280
PASS [1280 mouse] s6 pressing the chip places its free photos on this page — 2 → 4
PASS [1280 mouse] s6 the set-name field closes when the moment changes
PASS [1280 mouse] s6 chip × forgets the name, with Undo, and every photo stays put — Name “The entourage” removed · the photos stay putUndo
PASS [1280 mouse] s6 …Undo brings the name back
PASS [1280 mouse] s6 reload gives back the words exactly — text, place, size, turn, colour, background — She came down the path
and the rain stopped. — pasted~121px~64px~32~0~true~rgb(255, 255, 255) ‖ She came down the path
and the rain stopped. — pasted~121px~64px~32~0~true~rgb(255, 255, 255)
PASS [1280 mouse] s6 …the moments, named and in order — Grand Entrance|Hair & make-up|Cocktails|Dinner|First Dance|Money Dance|Last Song & Send-off|#SheCameDownThePathAndTheRainStoppedForeverAndEverAndEver202
PASS [1280 mouse] s6 …and the named sets
PASS [1280 mouse · s6 after reload] pages + tray = 10 — pills 0+0+4+3+0+0+1+1 + tray 1 = 10
PASS [1280 mouse · s6 after reload] this page draws its pill — 3 drawn, pill 3
PASS [1280 mouse · s6 after reload] no sideways scroll — 1280 vs 1280
PASS [1280 mouse] s6 each caption's kept size is the size it is drawn — {"off":[],"kept":[["words:02344fkko",509,98]]}
PASS [1280 mouse] s6 Automatic deals no photo under the host's words (M-R3-17 · M-R5-08) — 0 under words
PASS [1280 mouse] s6 a tap on words in Automatic says why — Tap “I choose” to change words.Undo
PASS [1280 mouse] s6 Delete on words in Automatic says why and removes nothing (r3 R3-delete-hint) — Tap “I choose” to change words.Undo
PASS [1280 mouse] s6 words in Automatic cannot be typed into — false
PASS [1280 mouse · s6 end] pages + tray = 10 — pills 1+2+1+2+1+2+1+0 + tray 0 = 10
PASS [1280 mouse · s6 end] this page draws its pill — 2 drawn, pill 2
PASS [1280 mouse · s6 end] no sideways scroll — 1280 vs 1280
PASS [1280 mouse] zero CSP reports
PASS [1280 mouse] zero dialogs
PASS [1280 mouse] zero console errors

133 passed · 0 failed
